// Jest Snapshot v1, https://goo.gl/fbAQLP

exports[`matches snapshot 1`] = `
"<!DOCTYPE html>
<html>
    <head>
        <title>Vrt.js Report</title>
        <style>
            .screenshots {
                display: flex;
            }

            .screenshot {
                width: calc(100% / 3);
            }
        </style>
    </head>
    <body>
        
            <details>
                <summary>{&#34;key&#34;:&#34;/foo&#34;,&#34;browser&#34;:&#34;Chrome&#34;,&#34;viewportWidth&#34;:1024}</summary>
                <div class=\\"screenshots\\">
                    <div class=\\"screenshot\\">
                        <h2>Before</h2>
                        <a href=\\"screenshots/1.png\\"><img src=\\"screenshots/1.png\\"></a>
                    </div>
                    <div class=\\"screenshot\\">
                        <h2>Diff</h2>
                        <a href=\\"screenshots/3.png\\"><img src=\\"screenshots/3.png\\"></a>
                    </div>
                    <div class=\\"screenshot\\">
                        <h2>After</h2>
                        <a href=\\"screenshots/2.png\\"><img src=\\"screenshots/2.png\\"></a>
                    </div>
                </div>
            </details>
        
            <details>
                <summary>{&#34;key&#34;:&#34;/bar&#34;,&#34;browser&#34;:&#34;Chrome&#34;,&#34;viewportWidth&#34;:1024}</summary>
                <div class=\\"screenshots\\">
                    <div class=\\"screenshot\\">
                        <h2>Before</h2>
                        <a href=\\"screenshots/4.png\\"><img src=\\"screenshots/4.png\\"></a>
                    </div>
                    <div class=\\"screenshot\\">
                        <h2>Diff</h2>
                        <a href=\\"screenshots/6.png\\"><img src=\\"screenshots/6.png\\"></a>
                    </div>
                    <div class=\\"screenshot\\">
                        <h2>After</h2>
                        <a href=\\"screenshots/5.png\\"><img src=\\"screenshots/5.png\\"></a>
                    </div>
                </div>
            </details>
        
            <details>
                <summary>{&#34;key&#34;:&#34;/baz&#34;,&#34;browser&#34;:&#34;Chrome&#34;,&#34;viewportWidth&#34;:1024}</summary>
                <div class=\\"screenshots\\">
                    <div class=\\"screenshot\\">
                        <h2>Before</h2>
                        <a href=\\"screenshots/7.png\\"><img src=\\"screenshots/7.png\\"></a>
                    </div>
                    <div class=\\"screenshot\\">
                        <h2>Diff</h2>
                        <a href=\\"screenshots/9.png\\"><img src=\\"screenshots/9.png\\"></a>
                    </div>
                    <div class=\\"screenshot\\">
                        <h2>After</h2>
                        <a href=\\"screenshots/8.png\\"><img src=\\"screenshots/8.png\\"></a>
                    </div>
                </div>
            </details>
        
    </body>
</html>"
`;
